{
  "bool" : {
    "must" : [
      {
        "nested" : {
          "query" : {
            "bool" : {
              "must" : [
                {
                  "range" : {
                    "observations.observationTimeStamp" : {
                      "from" : "TIMESTAMP1",
                      "to" : "TIMESTAMP2",
                      "include_lower" : true,
                      "include_upper" : true,
                      "boost" : 1.0
                    }
                  }
                },
                {
                  "terms" : {
                    "observations.season" : [
                      "SEASON1",
                      "SEASON2"
                    ],
                    "boost" : 1.0
                  }
                },
                {
                  "terms" : {
                    "observations.observationVariableDbId" : [
                      "VAR1",
                      "VAR2"
                    ],
                    "boost" : 1.0
                  }
                }
              ],
              "adjust_pure_negative" : true,
              "boost" : 1.0
            }
          },
          "path" : "observations",
          "ignore_unmapped" : false,
          "score_mode" : "none",
          "boost" : 1.0,
          "inner_hits" : {
            "ignore_unmapped" : false,
            "from" : 0,
            "size" : 10000,
            "version" : false,
            "explain" : false,
            "track_scores" : false
          }
        }
      },
      {
        "term" : {
          "observationLevel" : {
            "value" : "level1",
            "boost" : 1.0
          }
        }
      }
    ],
    "adjust_pure_negative" : true,
    "boost" : 1.0
  }
}