{
  "bool" : {
    "must" : [
      {
        "terms" : {
          "programName" : [
            "A",
            "B"
          ],
          "boost" : 1.0
        }
      },
      {
        "terms" : {
          "locationName" : [
            "D",
            "C"
          ],
          "boost" : 1.0
        }
      }
    ],
    "adjust_pure_negative" : true,
    "boost" : 1.0
  }
}