{
  "bool" : {
    "must" : [
      {
        "term" : {
          "programDbId" : {
            "value" : "A",
            "boost" : 1.0
          }
        }
      },
      {
        "term" : {
          "name" : {
            "value" : "B",
            "boost" : 1.0
          }
        }
      }
    ],
    "adjust_pure_negative" : true,
    "boost" : 1.0
  }
}